2026-02-13 19:24:58.142 [SpringApplicationShutdownHook] INFO  o.s.o.j.LocalContainerEntityManagerFactoryBean - Closing JPA EntityManagerFactory for persistence unit 'default'
2026-02-13 19:24:58.147 [SpringApplicationShutdownHook] INFO  com.zaxxer.hikari.HikariDataSource - HikariPool-1 - Shutdown initiated...
2026-02-13 19:24:58.185 [SpringApplicationShutdownHook] INFO  com.zaxxer.hikari.HikariDataSource - HikariPool-1 - Shutdown completed.
2026-02-13 19:25:00.373 [restartedMain] INFO  com.wio.crm.CrmApplication - Starting CrmApplication using Java 17.0.16 with PID 23924 (C:\Users\minwo\IdeaProjects\wicrm\out\production\classes started by minwo in C:\Users\minwo\IdeaProjects\wicrm)
2026-02-13 19:25:00.375 [restartedMain] DEBUG com.wio.crm.CrmApplication - Running with Spring Boot v3.2.1, Spring v6.1.2
2026-02-13 19:25:00.375 [restartedMain] INFO  com.wio.crm.CrmApplication - The following 1 profile is active: "dev"
2026-02-13 19:25:00.557 [restartedMain] INFO  o.s.b.d.restart.ChangeableUrls - The Class-Path manifest attribute in C:\Users\minwo\.gradle\caches\modules-2\files-2.1\com.oracle.database.jdbc\ojdbc8\21.5.0.0\eb13f0948ca8675f71d59b5e8a1129d4c6189e7a\ojdbc8-21.5.0.0.jar referenced one or more files that do not exist: file:/C:/Users/minwo/.gradle/caches/modules-2/files-2.1/com.oracle.database.jdbc/ojdbc8/21.5.0.0/eb13f0948ca8675f71d59b5e8a1129d4c6189e7a/oraclepki.jar
2026-02-13 19:25:00.557 [restartedMain] INFO  o.s.b.d.restart.ChangeableUrls - The Class-Path manifest attribute in C:\Users\minwo\.gradle\caches\modules-2\files-2.1\com.oracle.ojdbc\orai18n\19.3.0.0\a6960d6c18840e07dbc5b6afe760d099e47517bb\orai18n-19.3.0.0.jar referenced one or more files that do not exist: file:/C:/Users/minwo/.gradle/caches/modules-2/files-2.1/com.oracle.ojdbc/orai18n/19.3.0.0/a6960d6c18840e07dbc5b6afe760d099e47517bb/orai18n-mapping.jar,file:/C:/Users/minwo/.gradle/caches/modules-2/files-2.1/com.oracle.ojdbc/orai18n/19.3.0.0/a6960d6c18840e07dbc5b6afe760d099e47517bb/orai18n-utility.jar,file:/C:/Users/minwo/.gradle/caches/modules-2/files-2.1/com.oracle.ojdbc/orai18n/19.3.0.0/a6960d6c18840e07dbc5b6afe760d099e47517bb/orai18n-collation.jar,file:/C:/Users/minwo/.gradle/caches/modules-2/files-2.1/com.oracle.ojdbc/orai18n/19.3.0.0/a6960d6c18840e07dbc5b6afe760d099e47517bb/orai18n-translation.jar,file:/C:/Users/minwo/.gradle/caches/modules-2/files-2.1/com.oracle.ojdbc/orai18n/19.3.0.0/a6960d6c18840e07dbc5b6afe760d099e47517bb/orai18n-net.jar,file:/C:/Users/minwo/.gradle/caches/modules-2/files-2.1/com.oracle.ojdbc/orai18n/19.3.0.0/a6960d6c18840e07dbc5b6afe760d099e47517bb/orai18n-servlet.jar,file:/C:/Users/minwo/.gradle/caches/modules-2/files-2.1/com.oracle.ojdbc/orai18n/19.3.0.0/a6960d6c18840e07dbc5b6afe760d099e47517bb/orai18n-lcsd.jar,file:/C:/Users/minwo/.gradle/caches/modules-2/files-2.1/com.oracle.ojdbc/orai18n/19.3.0.0/a6960d6c18840e07dbc5b6afe760d099e47517bb/orai18n-tools.jar,file:/C:/Users/minwo/.gradle/caches/modules-2/files-2.1/com.oracle.ojdbc/orai18n/19.3.0.0/a6960d6c18840e07dbc5b6afe760d099e47517bb/gdk_custom.jar
2026-02-13 19:25:00.558 [restartedMain] INFO  o.s.b.d.e.DevToolsPropertyDefaultsPostProcessor - Devtools property defaults active! Set 'spring.devtools.add-properties' to 'false' to disable
2026-02-13 19:25:00.558 [restartedMain] INFO  o.s.b.d.e.DevToolsPropertyDefaultsPostProcessor - For additional web related logging consider setting the 'logging.level.web' property to 'DEBUG'
2026-02-13 19:25:01.965 [restartedMain] INFO  o.s.d.r.c.RepositoryConfigurationDelegate - Bootstrapping Spring Data JPA repositories in DEFAULT mode.
2026-02-13 19:25:02.119 [restartedMain] INFO  o.s.d.r.c.RepositoryConfigurationDelegate - Finished Spring Data repository scanning in 147 ms. Found 3 JPA repository interfaces.
2026-02-13 19:25:02.227 [restartedMain] DEBUG o.apache.ibatis.logging.LogFactory - Logging initialized using 'class org.apache.ibatis.logging.slf4j.Slf4jImpl' adapter.
2026-02-13 19:25:02.229 [restartedMain] DEBUG o.m.s.mapper.ClassPathMapperScanner - Identified candidate component class: file [C:\Users\minwo\IdeaProjects\wicrm\out\production\classes\com\wio\crm\mapper\AccountMapper.class]
2026-02-13 19:25:02.229 [restartedMain] DEBUG o.m.s.mapper.ClassPathMapperScanner - Identified candidate component class: file [C:\Users\minwo\IdeaProjects\wicrm\out\production\classes\com\wio\crm\mapper\AdminCodeMapper.class]
2026-02-13 19:25:02.229 [restartedMain] DEBUG o.m.s.mapper.ClassPathMapperScanner - Identified candidate component class: file [C:\Users\minwo\IdeaProjects\wicrm\out\production\classes\com\wio\crm\mapper\AiReportMapper.class]
2026-02-13 19:25:02.229 [restartedMain] DEBUG o.m.s.mapper.ClassPathMapperScanner - Identified candidate component class: file [C:\Users\minwo\IdeaProjects\wicrm\out\production\classes\com\wio\crm\mapper\BannerMapper.class]
2026-02-13 19:25:02.229 [restartedMain] DEBUG o.m.s.mapper.ClassPathMapperScanner - Identified candidate component class: file [C:\Users\minwo\IdeaProjects\wicrm\out\production\classes\com\wio\crm\mapper\BoardMapper.class]
2026-02-13 19:25:02.229 [restartedMain] DEBUG o.m.s.mapper.ClassPathMapperScanner - Identified candidate component class: file [C:\Users\minwo\IdeaProjects\wicrm\out\production\classes\com\wio\crm\mapper\ConsMapper.class]
2026-02-13 19:25:02.229 [restartedMain] DEBUG o.m.s.mapper.ClassPathMapperScanner - Identified candidate component class: file [C:\Users\minwo\IdeaProjects\wicrm\out\production\classes\com\wio\crm\mapper\ConsultingMapper.class]
2026-02-13 19:25:02.229 [restartedMain] DEBUG o.m.s.mapper.ClassPathMapperScanner - Identified candidate component class: file [C:\Users\minwo\IdeaProjects\wicrm\out\production\classes\com\wio\crm\mapper\DashboardMapper.class]
2026-02-13 19:25:02.229 [restartedMain] DEBUG o.m.s.mapper.ClassPathMapperScanner - Identified candidate component class: file [C:\Users\minwo\IdeaProjects\wicrm\out\production\classes\com\wio\crm\mapper\ExchangeStatsMapper.class]
2026-02-13 19:25:02.229 [restartedMain] DEBUG o.m.s.mapper.ClassPathMapperScanner - Identified candidate component class: file [C:\Users\minwo\IdeaProjects\wicrm\out\production\classes\com\wio\crm\mapper\InvoiceMapper.class]
2026-02-13 19:25:02.229 [restartedMain] DEBUG o.m.s.mapper.ClassPathMapperScanner - Identified candidate component class: file [C:\Users\minwo\IdeaProjects\wicrm\out\production\classes\com\wio\crm\mapper\LmsTrackingMapper.class]
2026-02-13 19:25:02.229 [restartedMain] DEBUG o.m.s.mapper.ClassPathMapperScanner - Identified candidate component class: file [C:\Users\minwo\IdeaProjects\wicrm\out\production\classes\com\wio\crm\mapper\LoginHistoryMapper.class]
2026-02-13 19:25:02.229 [restartedMain] DEBUG o.m.s.mapper.ClassPathMapperScanner - Identified candidate component class: file [C:\Users\minwo\IdeaProjects\wicrm\out\production\classes\com\wio\crm\mapper\LogisticsDirectReturnMapper.class]
2026-02-13 19:25:02.229 [restartedMain] DEBUG o.m.s.mapper.ClassPathMapperScanner - Identified candidate component class: file [C:\Users\minwo\IdeaProjects\wicrm\out\production\classes\com\wio\crm\mapper\MenuMapper.class]
2026-02-13 19:25:02.229 [restartedMain] DEBUG o.m.s.mapper.ClassPathMapperScanner - Identified candidate component class: file [C:\Users\minwo\IdeaProjects\wicrm\out\production\classes\com\wio\crm\mapper\MileageMapper.class]
2026-02-13 19:25:02.229 [restartedMain] DEBUG o.m.s.mapper.ClassPathMapperScanner - Identified candidate component class: file [C:\Users\minwo\IdeaProjects\wicrm\out\production\classes\com\wio\crm\mapper\OrderMapper.class]
2026-02-13 19:25:02.229 [restartedMain] DEBUG o.m.s.mapper.ClassPathMapperScanner - Identified candidate component class: file [C:\Users\minwo\IdeaProjects\wicrm\out\production\classes\com\wio\crm\mapper\ReturnItemMapper.class]
2026-02-13 19:25:02.229 [restartedMain] DEBUG o.m.s.mapper.ClassPathMapperScanner - Identified candidate component class: file [C:\Users\minwo\IdeaProjects\wicrm\out\production\classes\com\wio\crm\mapper\ShippingPaymentMapper.class]
2026-02-13 19:25:02.229 [restartedMain] DEBUG o.m.s.mapper.ClassPathMapperScanner - Identified candidate component class: file [C:\Users\minwo\IdeaProjects\wicrm\out\production\classes\com\wio\crm\mapper\StaticsMapper.class]
2026-02-13 19:25:02.229 [restartedMain] DEBUG o.m.s.mapper.ClassPathMapperScanner - Identified candidate component class: file [C:\Users\minwo\IdeaProjects\wicrm\out\production\classes\com\wio\crm\mapper\Tcnt01EmpMapper.class]
2026-02-13 19:25:02.229 [restartedMain] DEBUG o.m.s.mapper.ClassPathMapperScanner - Identified candidate component class: file [C:\Users\minwo\IdeaProjects\wicrm\out\production\classes\com\wio\crm\mapper\Temp01Mapper.class]
2026-02-13 19:25:02.229 [restartedMain] DEBUG o.m.s.mapper.ClassPathMapperScanner - Identified candidate component class: file [C:\Users\minwo\IdeaProjects\wicrm\out\production\classes\com\wio\crm\mapper\TipdwMapper.class]
2026-02-13 19:25:02.229 [restartedMain] DEBUG o.m.s.mapper.ClassPathMapperScanner - Identified candidate component class: file [C:\Users\minwo\IdeaProjects\wicrm\out\production\classes\com\wio\crm\mapper\UserApprovalMapper.class]
2026-02-13 19:25:02.230 [restartedMain] DEBUG o.m.s.mapper.ClassPathMapperScanner - Identified candidate component class: file [C:\Users\minwo\IdeaProjects\wicrm\out\production\classes\com\wio\crm\mapper\UserMapper.class]
2026-02-13 19:25:02.231 [restartedMain] DEBUG o.m.s.mapper.ClassPathMapperScanner - Creating MapperFactoryBean with name 'accountMapper' and 'com.wio.crm.mapper.AccountMapper' mapperInterface
2026-02-13 19:25:02.232 [restartedMain] DEBUG o.m.s.mapper.ClassPathMapperScanner - Enabling autowire by type for MapperFactoryBean with name 'accountMapper'.
2026-02-13 19:25:02.232 [restartedMain] DEBUG o.m.s.mapper.ClassPathMapperScanner - Creating MapperFactoryBean with name 'adminCodeMapper' and 'com.wio.crm.mapper.AdminCodeMapper' mapperInterface
2026-02-13 19:25:02.233 [restartedMain] DEBUG o.m.s.mapper.ClassPathMapperScanner - Enabling autowire by type for MapperFactoryBean with name 'adminCodeMapper'.
2026-02-13 19:25:02.233 [restartedMain] DEBUG o.m.s.mapper.ClassPathMapperScanner - Creating MapperFactoryBean with name 'aiReportMapper' and 'com.wio.crm.mapper.AiReportMapper' mapperInterface
2026-02-13 19:25:02.237 [restartedMain] DEBUG o.m.s.mapper.ClassPathMapperScanner - Enabling autowire by type for MapperFactoryBean with name 'aiReportMapper'.
2026-02-13 19:25:02.237 [restartedMain] DEBUG o.m.s.mapper.ClassPathMapperScanner - Creating MapperFactoryBean with name 'bannerMapper' and 'com.wio.crm.mapper.BannerMapper' mapperInterface
2026-02-13 19:25:02.238 [restartedMain] DEBUG o.m.s.mapper.ClassPathMapperScanner - Enabling autowire by type for MapperFactoryBean with name 'bannerMapper'.
2026-02-13 19:25:02.238 [restartedMain] DEBUG o.m.s.mapper.ClassPathMapperScanner - Creating MapperFactoryBean with name 'boardMapper' and 'com.wio.crm.mapper.BoardMapper' mapperInterface
2026-02-13 19:25:02.238 [restartedMain] DEBUG o.m.s.mapper.ClassPathMapperScanner - Enabling autowire by type for MapperFactoryBean with name 'boardMapper'.
2026-02-13 19:25:02.239 [restartedMain] DEBUG o.m.s.mapper.ClassPathMapperScanner - Creating MapperFactoryBean with name 'consMapper' and 'com.wio.crm.mapper.ConsMapper' mapperInterface
2026-02-13 19:25:02.239 [restartedMain] DEBUG o.m.s.mapper.ClassPathMapperScanner - Enabling autowire by type for MapperFactoryBean with name 'consMapper'.
2026-02-13 19:25:02.239 [restartedMain] DEBUG o.m.s.mapper.ClassPathMapperScanner - Creating MapperFactoryBean with name 'consultingMapper' and 'com.wio.crm.mapper.ConsultingMapper' mapperInterface
2026-02-13 19:25:02.239 [restartedMain] DEBUG o.m.s.mapper.ClassPathMapperScanner - Enabling autowire by type for MapperFactoryBean with name 'consultingMapper'.
2026-02-13 19:25:02.239 [restartedMain] DEBUG o.m.s.mapper.ClassPathMapperScanner - Creating MapperFactoryBean with name 'dashboardMapper' and 'com.wio.crm.mapper.DashboardMapper' mapperInterface
2026-02-13 19:25:02.240 [restartedMain] DEBUG o.m.s.mapper.ClassPathMapperScanner - Enabling autowire by type for MapperFactoryBean with name 'dashboardMapper'.
2026-02-13 19:25:02.240 [restartedMain] DEBUG o.m.s.mapper.ClassPathMapperScanner - Creating MapperFactoryBean with name 'exchangeStatsMapper' and 'com.wio.crm.mapper.ExchangeStatsMapper' mapperInterface
2026-02-13 19:25:02.240 [restartedMain] DEBUG o.m.s.mapper.ClassPathMapperScanner - Enabling autowire by type for MapperFactoryBean with name 'exchangeStatsMapper'.
2026-02-13 19:25:02.240 [restartedMain] DEBUG o.m.s.mapper.ClassPathMapperScanner - Creating MapperFactoryBean with name 'invoiceMapper' and 'com.wio.crm.mapper.InvoiceMapper' mapperInterface
2026-02-13 19:25:02.240 [restartedMain] DEBUG o.m.s.mapper.ClassPathMapperScanner - Enabling autowire by type for MapperFactoryBean with name 'invoiceMapper'.
2026-02-13 19:25:02.240 [restartedMain] DEBUG o.m.s.mapper.ClassPathMapperScanner - Creating MapperFactoryBean with name 'lmsTrackingMapper' and 'com.wio.crm.mapper.LmsTrackingMapper' mapperInterface
2026-02-13 19:25:02.241 [restartedMain] DEBUG o.m.s.mapper.ClassPathMapperScanner - Enabling autowire by type for MapperFactoryBean with name 'lmsTrackingMapper'.
2026-02-13 19:25:02.242 [restartedMain] DEBUG o.m.s.mapper.ClassPathMapperScanner - Creating MapperFactoryBean with name 'loginHistoryMapper' and 'com.wio.crm.mapper.LoginHistoryMapper' mapperInterface
2026-02-13 19:25:02.242 [restartedMain] DEBUG o.m.s.mapper.ClassPathMapperScanner - Enabling autowire by type for MapperFactoryBean with name 'loginHistoryMapper'.
2026-02-13 19:25:02.242 [restartedMain] DEBUG o.m.s.mapper.ClassPathMapperScanner - Creating MapperFactoryBean with name 'logisticsDirectReturnMapper' and 'com.wio.crm.mapper.LogisticsDirectReturnMapper' mapperInterface
2026-02-13 19:25:02.243 [restartedMain] DEBUG o.m.s.mapper.ClassPathMapperScanner - Enabling autowire by type for MapperFactoryBean with name 'logisticsDirectReturnMapper'.
2026-02-13 19:25:02.243 [restartedMain] DEBUG o.m.s.mapper.ClassPathMapperScanner - Creating MapperFactoryBean with name 'menuMapper' and 'com.wio.crm.mapper.MenuMapper' mapperInterface
2026-02-13 19:25:02.243 [restartedMain] DEBUG o.m.s.mapper.ClassPathMapperScanner - Enabling autowire by type for MapperFactoryBean with name 'menuMapper'.
2026-02-13 19:25:02.243 [restartedMain] DEBUG o.m.s.mapper.ClassPathMapperScanner - Creating MapperFactoryBean with name 'mileageMapper' and 'com.wio.crm.mapper.MileageMapper' mapperInterface
2026-02-13 19:25:02.244 [restartedMain] DEBUG o.m.s.mapper.ClassPathMapperScanner - Enabling autowire by type for MapperFactoryBean with name 'mileageMapper'.
2026-02-13 19:25:02.244 [restartedMain] DEBUG o.m.s.mapper.ClassPathMapperScanner - Creating MapperFactoryBean with name 'orderMapper' and 'com.wio.crm.mapper.OrderMapper' mapperInterface
2026-02-13 19:25:02.244 [restartedMain] DEBUG o.m.s.mapper.ClassPathMapperScanner - Enabling autowire by type for MapperFactoryBean with name 'orderMapper'.
2026-02-13 19:25:02.244 [restartedMain] DEBUG o.m.s.mapper.ClassPathMapperScanner - Creating MapperFactoryBean with name 'returnItemMapper' and 'com.wio.crm.mapper.ReturnItemMapper' mapperInterface
2026-02-13 19:25:02.244 [restartedMain] DEBUG o.m.s.mapper.ClassPathMapperScanner - Enabling autowire by type for MapperFactoryBean with name 'returnItemMapper'.
2026-02-13 19:25:02.244 [restartedMain] DEBUG o.m.s.mapper.ClassPathMapperScanner - Creating MapperFactoryBean with name 'shippingPaymentMapper' and 'com.wio.crm.mapper.ShippingPaymentMapper' mapperInterface
2026-02-13 19:25:02.246 [restartedMain] DEBUG o.m.s.mapper.ClassPathMapperScanner - Enabling autowire by type for MapperFactoryBean with name 'shippingPaymentMapper'.
2026-02-13 19:25:02.246 [restartedMain] DEBUG o.m.s.mapper.ClassPathMapperScanner - Creating MapperFactoryBean with name 'staticsMapper' and 'com.wio.crm.mapper.StaticsMapper' mapperInterface
2026-02-13 19:25:02.247 [restartedMain] DEBUG o.m.s.mapper.ClassPathMapperScanner - Enabling autowire by type for MapperFactoryBean with name 'staticsMapper'.
2026-02-13 19:25:02.247 [restartedMain] DEBUG o.m.s.mapper.ClassPathMapperScanner - Creating MapperFactoryBean with name 'tcnt01EmpMapper' and 'com.wio.crm.mapper.Tcnt01EmpMapper' mapperInterface
2026-02-13 19:25:02.247 [restartedMain] DEBUG o.m.s.mapper.ClassPathMapperScanner - Enabling autowire by type for MapperFactoryBean with name 'tcnt01EmpMapper'.
2026-02-13 19:25:02.247 [restartedMain] DEBUG o.m.s.mapper.ClassPathMapperScanner - Creating MapperFactoryBean with name 'temp01Mapper' and 'com.wio.crm.mapper.Temp01Mapper' mapperInterface
2026-02-13 19:25:02.248 [restartedMain] DEBUG o.m.s.mapper.ClassPathMapperScanner - Enabling autowire by type for MapperFactoryBean with name 'temp01Mapper'.
2026-02-13 19:25:02.248 [restartedMain] DEBUG o.m.s.mapper.ClassPathMapperScanner - Creating MapperFactoryBean with name 'tipdwMapper' and 'com.wio.crm.mapper.TipdwMapper' mapperInterface
2026-02-13 19:25:02.248 [restartedMain] DEBUG o.m.s.mapper.ClassPathMapperScanner - Enabling autowire by type for MapperFactoryBean with name 'tipdwMapper'.
2026-02-13 19:25:02.248 [restartedMain] DEBUG o.m.s.mapper.ClassPathMapperScanner - Creating MapperFactoryBean with name 'userApprovalMapper' and 'com.wio.crm.mapper.UserApprovalMapper' mapperInterface
2026-02-13 19:25:02.249 [restartedMain] DEBUG o.m.s.mapper.ClassPathMapperScanner - Enabling autowire by type for MapperFactoryBean with name 'userApprovalMapper'.
2026-02-13 19:25:02.249 [restartedMain] DEBUG o.m.s.mapper.ClassPathMapperScanner - Creating MapperFactoryBean with name 'userMapper' and 'com.wio.crm.mapper.UserMapper' mapperInterface
2026-02-13 19:25:02.249 [restartedMain] DEBUG o.m.s.mapper.ClassPathMapperScanner - Enabling autowire by type for MapperFactoryBean with name 'userMapper'.
2026-02-13 19:25:02.839 [restartedMain] INFO  o.s.b.w.e.tomcat.TomcatWebServer - Tomcat initialized with port 8081 (http)
2026-02-13 19:25:02.847 [restartedMain] INFO  o.a.coyote.http11.Http11NioProtocol - Initializing ProtocolHandler ["http-nio-8081"]
2026-02-13 19:25:02.848 [restartedMain] INFO  o.a.catalina.core.StandardService - Starting service [Tomcat]
2026-02-13 19:25:02.848 [restartedMain] INFO  o.a.catalina.core.StandardEngine - Starting Servlet engine: [Apache Tomcat/10.1.17]
2026-02-13 19:25:02.913 [restartedMain] INFO  o.a.c.c.C.[Tomcat].[localhost].[/] - Initializing Spring embedded WebApplicationContext
2026-02-13 19:25:02.913 [restartedMain] INFO  o.s.b.w.s.c.ServletWebServerApplicationContext - Root WebApplicationContext: initialization completed in 2355 ms
2026-02-13 19:25:03.215 [restartedMain] DEBUG o.s.jdbc.datasource.DataSourceUtils - Fetching JDBC Connection from DataSource
2026-02-13 19:25:03.215 [restartedMain] INFO  com.zaxxer.hikari.HikariDataSource - HikariPool-1 - Starting...
2026-02-13 19:25:03.535 [restartedMain] INFO  com.zaxxer.hikari.pool.HikariPool - HikariPool-1 - Added connection oracle.jdbc.driver.T4CConnection@5ee5c844
2026-02-13 19:25:03.536 [restartedMain] INFO  com.zaxxer.hikari.HikariDataSource - HikariPool-1 - Start completed.
2026-02-13 19:25:03.569 [restartedMain] INFO  o.h.jpa.internal.util.LogHelper - HHH000204: Processing PersistenceUnitInfo [name: default]
2026-02-13 19:25:03.632 [restartedMain] INFO  org.hibernate.Version - HHH000412: Hibernate ORM core version 6.4.1.Final
2026-02-13 19:25:03.671 [restartedMain] INFO  o.h.c.i.RegionFactoryInitiator - HHH000026: Second-level cache disabled
2026-02-13 19:25:03.906 [restartedMain] INFO  o.s.o.j.p.SpringPersistenceUnitInfo - No LoadTimeWeaver setup: ignoring JPA class transformer
2026-02-13 19:25:03.981 [restartedMain] WARN  org.hibernate.dialect.Dialect - HHH000511: The 11.2.0 version for [org.hibernate.dialect.OracleDialect] is no longer supported, hence certain features may not work properly. The minimum supported version is 19.0.0. Check the community dialects project for available legacy versions.
2026-02-13 19:25:05.036 [restartedMain] INFO  o.h.e.t.j.p.i.JtaPlatformInitiator - HHH000489: No JTA platform available (set 'hibernate.transaction.jta.platform' to enable JTA platform integration)
2026-02-13 19:25:05.039 [restartedMain] INFO  o.s.o.j.LocalContainerEntityManagerFactoryBean - Initialized JPA EntityManagerFactory for persistence unit 'default'
2026-02-13 19:25:05.114 [restartedMain] DEBUG o.apache.ibatis.logging.LogFactory - Logging initialized using 'class org.apache.ibatis.logging.slf4j.Slf4jImpl' adapter.
2026-02-13 19:25:05.195 [restartedMain] DEBUG o.m.spring.SqlSessionFactoryBean - Parsed mapper file: 'file [C:\Users\minwo\IdeaProjects\wicrm\out\production\resources\mapper\AccountMapper.xml]'
2026-02-13 19:25:05.208 [restartedMain] DEBUG o.m.spring.SqlSessionFactoryBean - Parsed mapper file: 'file [C:\Users\minwo\IdeaProjects\wicrm\out\production\resources\mapper\BoardMapper.xml]'
2026-02-13 19:25:05.224 [restartedMain] DEBUG o.m.spring.SqlSessionFactoryBean - Parsed mapper file: 'file [C:\Users\minwo\IdeaProjects\wicrm\out\production\resources\mapper\ConsMapper.xml]'
2026-02-13 19:25:05.236 [restartedMain] DEBUG o.m.spring.SqlSessionFactoryBean - Parsed mapper file: 'file [C:\Users\minwo\IdeaProjects\wicrm\out\production\resources\mapper\ConsultingMapper.xml]'
2026-02-13 19:25:05.253 [restartedMain] DEBUG o.m.spring.SqlSessionFactoryBean - Parsed mapper file: 'file [C:\Users\minwo\IdeaProjects\wicrm\out\production\resources\mapper\DashboardMapper.xml]'
2026-02-13 19:25:05.271 [restartedMain] DEBUG o.m.spring.SqlSessionFactoryBean - Parsed mapper file: 'file [C:\Users\minwo\IdeaProjects\wicrm\out\production\resources\mapper\ExchangeStatsMapper.xml]'
2026-02-13 19:25:05.277 [restartedMain] DEBUG o.m.spring.SqlSessionFactoryBean - Parsed mapper file: 'file [C:\Users\minwo\IdeaProjects\wicrm\out\production\resources\mapper\InvoiceMapper.xml]'
2026-02-13 19:25:05.292 [restartedMain] DEBUG o.m.spring.SqlSessionFactoryBean - Parsed mapper file: 'file [C:\Users\minwo\IdeaProjects\wicrm\out\production\resources\mapper\LmsTrackingMapper.xml]'
2026-02-13 19:25:05.303 [restartedMain] DEBUG o.m.spring.SqlSessionFactoryBean - Parsed mapper file: 'file [C:\Users\minwo\IdeaProjects\wicrm\out\production\resources\mapper\LogisticsDirectReturnMapper.xml]'
2026-02-13 19:25:05.306 [restartedMain] DEBUG o.m.spring.SqlSessionFactoryBean - Parsed mapper file: 'file [C:\Users\minwo\IdeaProjects\wicrm\out\production\resources\mapper\menuMapper.xml]'
2026-02-13 19:25:05.312 [restartedMain] DEBUG o.m.spring.SqlSessionFactoryBean - Parsed mapper file: 'file [C:\Users\minwo\IdeaProjects\wicrm\out\production\resources\mapper\MileageMapper.xml]'
2026-02-13 19:25:05.315 [restartedMain] DEBUG o.m.spring.SqlSessionFactoryBean - Parsed mapper file: 'file [C:\Users\minwo\IdeaProjects\wicrm\out\production\resources\mapper\OrderMapper.xml]'
2026-02-13 19:25:05.335 [restartedMain] DEBUG o.m.spring.SqlSessionFactoryBean - Parsed mapper file: 'file [C:\Users\minwo\IdeaProjects\wicrm\out\production\resources\mapper\ReturnItemMapper.xml]'
2026-02-13 19:25:05.343 [restartedMain] DEBUG o.m.spring.SqlSessionFactoryBean - Parsed mapper file: 'file [C:\Users\minwo\IdeaProjects\wicrm\out\production\resources\mapper\ShippingPaymentMapper.xml]'
2026-02-13 19:25:05.358 [restartedMain] DEBUG o.m.spring.SqlSessionFactoryBean - Parsed mapper file: 'file [C:\Users\minwo\IdeaProjects\wicrm\out\production\resources\mapper\StaticsMapper.xml]'
2026-02-13 19:25:05.361 [restartedMain] DEBUG o.m.spring.SqlSessionFactoryBean - Parsed mapper file: 'file [C:\Users\minwo\IdeaProjects\wicrm\out\production\resources\mapper\Tcnt01EmpMapper.xml]'
2026-02-13 19:25:05.368 [restartedMain] DEBUG o.m.spring.SqlSessionFactoryBean - Parsed mapper file: 'file [C:\Users\minwo\IdeaProjects\wicrm\out\production\resources\mapper\UserApprovalMapper.xml]'
2026-02-13 19:25:05.891 [restartedMain] INFO  o.s.d.j.r.query.QueryEnhancerFactory - Hibernate is in classpath; If applicable, HQL parser will be used.
2026-02-13 19:25:07.121 [restartedMain] INFO  o.s.b.a.e.web.EndpointLinksResolver - Exposing 1 endpoint(s) beneath base path '/actuator'
2026-02-13 19:25:07.223 [restartedMain] INFO  o.s.s.web.DefaultSecurityFilterChain - Will secure any request with [org.springframework.security.web.session.DisableEncodeUrlFilter@3094a01d, org.springframework.security.web.context.request.async.WebAsyncManagerIntegrationFilter@50bb938f, org.springframework.security.web.context.SecurityContextHolderFilter@565982e8, org.springframework.security.web.header.HeaderWriterFilter@4b2288f1, org.springframework.web.filter.CorsFilter@7106102d, org.springframework.security.web.csrf.CsrfFilter@6a7383a6, com.wio.crm.config.SecurityConfig$CsrfCookieFilter@60dbf63c, org.springframework.security.web.authentication.logout.LogoutFilter@231fe6b7, org.springframework.security.web.authentication.UsernamePasswordAuthenticationFilter@74a0b8e7, org.springframework.security.web.savedrequest.RequestCacheAwareFilter@41568dd8, org.springframework.security.web.servletapi.SecurityContextHolderAwareRequestFilter@2cf4fe02, org.springframework.security.web.authentication.AnonymousAuthenticationFilter@75da3672, org.springframework.security.web.access.ExceptionTranslationFilter@2ce8ec32, org.springframework.security.web.access.intercept.AuthorizationFilter@7ca946c0]
2026-02-13 19:25:07.244 [restartedMain] WARN  o.s.s.c.a.web.builders.WebSecurity - You are asking Spring Security to ignore Mvc [pattern='/assets/**']. This is not recommended -- please use permitAll via HttpSecurity#authorizeHttpRequests instead.
2026-02-13 19:25:07.244 [restartedMain] INFO  o.s.s.web.DefaultSecurityFilterChain - Will not secure Mvc [pattern='/assets/**']
2026-02-13 19:25:09.354 [restartedMain] WARN  o.s.b.d.a.OptionalLiveReloadServer - Unable to start LiveReload server
2026-02-13 19:25:09.408 [restartedMain] INFO  o.a.coyote.http11.Http11NioProtocol - Starting ProtocolHandler ["http-nio-8081"]
2026-02-13 19:25:09.426 [restartedMain] INFO  o.s.b.w.e.tomcat.TomcatWebServer - Tomcat started on port 8081 (http) with context path ''
2026-02-13 19:25:09.439 [restartedMain] INFO  com.wio.crm.CrmApplication - Started CrmApplication in 9.5 seconds (process running for 10.23)
2026-02-13 19:25:09.600 [RMI TCP Connection(4)-169.254.83.107] INFO  o.a.c.c.C.[Tomcat].[localhost].[/] - Initializing Spring DispatcherServlet 'dispatcherServlet'
2026-02-13 19:25:09.601 [RMI TCP Connection(4)-169.254.83.107] INFO  o.s.web.servlet.DispatcherServlet - Initializing Servlet 'dispatcherServlet'
2026-02-13 19:25:09.602 [RMI TCP Connection(5)-169.254.83.107] DEBUG o.s.jdbc.datasource.DataSourceUtils - Fetching JDBC Connection from DataSource
2026-02-13 19:25:09.602 [RMI TCP Connection(4)-169.254.83.107] INFO  o.s.web.servlet.DispatcherServlet - Completed initialization in 1 ms
2026-02-13 19:25:09.609 [RMI TCP Connection(5)-169.254.83.107] DEBUG o.s.jdbc.datasource.DataSourceUtils - Fetching JDBC Connection from DataSource
