2026-02-15 15:54:31.430 [SpringApplicationShutdownHook] INFO  o.s.o.j.LocalContainerEntityManagerFactoryBean - Closing JPA EntityManagerFactory for persistence unit 'default'
2026-02-15 15:54:31.435 [SpringApplicationShutdownHook] INFO  com.zaxxer.hikari.HikariDataSource - HikariPool-1 - Shutdown initiated...
2026-02-15 15:54:31.477 [SpringApplicationShutdownHook] INFO  com.zaxxer.hikari.HikariDataSource - HikariPool-1 - Shutdown completed.
2026-02-15 21:43:41.759 [restartedMain] INFO  com.wio.crm.CrmApplication - Starting CrmApplication using Java 17.0.16 with PID 14708 (C:\Users\minwo\IdeaProjects\wicrm\out\production\classes started by minwo in C:\Users\minwo\IdeaProjects\wicrm)
2026-02-15 21:43:41.761 [restartedMain] DEBUG com.wio.crm.CrmApplication - Running with Spring Boot v3.2.1, Spring v6.1.2
2026-02-15 21:43:41.761 [restartedMain] INFO  com.wio.crm.CrmApplication - The following 1 profile is active: "dev"
2026-02-15 21:43:41.971 [restartedMain] INFO  o.s.b.d.restart.ChangeableUrls - The Class-Path manifest attribute in C:\Users\minwo\.gradle\caches\modules-2\files-2.1\com.oracle.database.jdbc\ojdbc8\21.5.0.0\eb13f0948ca8675f71d59b5e8a1129d4c6189e7a\ojdbc8-21.5.0.0.jar referenced one or more files that do not exist: file:/C:/Users/minwo/.gradle/caches/modules-2/files-2.1/com.oracle.database.jdbc/ojdbc8/21.5.0.0/eb13f0948ca8675f71d59b5e8a1129d4c6189e7a/oraclepki.jar
2026-02-15 21:43:41.972 [restartedMain] INFO  o.s.b.d.restart.ChangeableUrls - The Class-Path manifest attribute in C:\Users\minwo\.gradle\caches\modules-2\files-2.1\com.oracle.ojdbc\orai18n\19.3.0.0\a6960d6c18840e07dbc5b6afe760d099e47517bb\orai18n-19.3.0.0.jar referenced one or more files that do not exist: file:/C:/Users/minwo/.gradle/caches/modules-2/files-2.1/com.oracle.ojdbc/orai18n/19.3.0.0/a6960d6c18840e07dbc5b6afe760d099e47517bb/orai18n-mapping.jar,file:/C:/Users/minwo/.gradle/caches/modules-2/files-2.1/com.oracle.ojdbc/orai18n/19.3.0.0/a6960d6c18840e07dbc5b6afe760d099e47517bb/orai18n-utility.jar,file:/C:/Users/minwo/.gradle/caches/modules-2/files-2.1/com.oracle.ojdbc/orai18n/19.3.0.0/a6960d6c18840e07dbc5b6afe760d099e47517bb/orai18n-collation.jar,file:/C:/Users/minwo/.gradle/caches/modules-2/files-2.1/com.oracle.ojdbc/orai18n/19.3.0.0/a6960d6c18840e07dbc5b6afe760d099e47517bb/orai18n-translation.jar,file:/C:/Users/minwo/.gradle/caches/modules-2/files-2.1/com.oracle.ojdbc/orai18n/19.3.0.0/a6960d6c18840e07dbc5b6afe760d099e47517bb/orai18n-net.jar,file:/C:/Users/minwo/.gradle/caches/modules-2/files-2.1/com.oracle.ojdbc/orai18n/19.3.0.0/a6960d6c18840e07dbc5b6afe760d099e47517bb/orai18n-servlet.jar,file:/C:/Users/minwo/.gradle/caches/modules-2/files-2.1/com.oracle.ojdbc/orai18n/19.3.0.0/a6960d6c18840e07dbc5b6afe760d099e47517bb/orai18n-lcsd.jar,file:/C:/Users/minwo/.gradle/caches/modules-2/files-2.1/com.oracle.ojdbc/orai18n/19.3.0.0/a6960d6c18840e07dbc5b6afe760d099e47517bb/orai18n-tools.jar,file:/C:/Users/minwo/.gradle/caches/modules-2/files-2.1/com.oracle.ojdbc/orai18n/19.3.0.0/a6960d6c18840e07dbc5b6afe760d099e47517bb/gdk_custom.jar
2026-02-15 21:43:41.972 [restartedMain] INFO  o.s.b.d.e.DevToolsPropertyDefaultsPostProcessor - Devtools property defaults active! Set 'spring.devtools.add-properties' to 'false' to disable
2026-02-15 21:43:41.972 [restartedMain] INFO  o.s.b.d.e.DevToolsPropertyDefaultsPostProcessor - For additional web related logging consider setting the 'logging.level.web' property to 'DEBUG'
2026-02-15 21:43:43.260 [restartedMain] INFO  o.s.d.r.c.RepositoryConfigurationDelegate - Bootstrapping Spring Data JPA repositories in DEFAULT mode.
2026-02-15 21:43:43.447 [restartedMain] INFO  o.s.d.r.c.RepositoryConfigurationDelegate - Finished Spring Data repository scanning in 179 ms. Found 3 JPA repository interfaces.
2026-02-15 21:43:43.552 [restartedMain] DEBUG o.apache.ibatis.logging.LogFactory - Logging initialized using 'class org.apache.ibatis.logging.slf4j.Slf4jImpl' adapter.
2026-02-15 21:43:43.557 [restartedMain] DEBUG o.m.s.mapper.ClassPathMapperScanner - Identified candidate component class: file [C:\Users\minwo\IdeaProjects\wicrm\out\production\classes\com\wio\crm\mapper\AccountMapper.class]
2026-02-15 21:43:43.558 [restartedMain] DEBUG o.m.s.mapper.ClassPathMapperScanner - Identified candidate component class: file [C:\Users\minwo\IdeaProjects\wicrm\out\production\classes\com\wio\crm\mapper\AdminCodeMapper.class]
2026-02-15 21:43:43.558 [restartedMain] DEBUG o.m.s.mapper.ClassPathMapperScanner - Identified candidate component class: file [C:\Users\minwo\IdeaProjects\wicrm\out\production\classes\com\wio\crm\mapper\AiReportMapper.class]
2026-02-15 21:43:43.558 [restartedMain] DEBUG o.m.s.mapper.ClassPathMapperScanner - Identified candidate component class: file [C:\Users\minwo\IdeaProjects\wicrm\out\production\classes\com\wio\crm\mapper\BannerMapper.class]
2026-02-15 21:43:43.558 [restartedMain] DEBUG o.m.s.mapper.ClassPathMapperScanner - Identified candidate component class: file [C:\Users\minwo\IdeaProjects\wicrm\out\production\classes\com\wio\crm\mapper\BoardMapper.class]
2026-02-15 21:43:43.558 [restartedMain] DEBUG o.m.s.mapper.ClassPathMapperScanner - Identified candidate component class: file [C:\Users\minwo\IdeaProjects\wicrm\out\production\classes\com\wio\crm\mapper\ConsMapper.class]
2026-02-15 21:43:43.558 [restartedMain] DEBUG o.m.s.mapper.ClassPathMapperScanner - Identified candidate component class: file [C:\Users\minwo\IdeaProjects\wicrm\out\production\classes\com\wio\crm\mapper\ConsultingMapper.class]
2026-02-15 21:43:43.558 [restartedMain] DEBUG o.m.s.mapper.ClassPathMapperScanner - Identified candidate component class: file [C:\Users\minwo\IdeaProjects\wicrm\out\production\classes\com\wio\crm\mapper\DashboardMapper.class]
2026-02-15 21:43:43.558 [restartedMain] DEBUG o.m.s.mapper.ClassPathMapperScanner - Identified candidate component class: file [C:\Users\minwo\IdeaProjects\wicrm\out\production\classes\com\wio\crm\mapper\ExchangeStatsMapper.class]
2026-02-15 21:43:43.558 [restartedMain] DEBUG o.m.s.mapper.ClassPathMapperScanner - Identified candidate component class: file [C:\Users\minwo\IdeaProjects\wicrm\out\production\classes\com\wio\crm\mapper\InvoiceMapper.class]
2026-02-15 21:43:43.558 [restartedMain] DEBUG o.m.s.mapper.ClassPathMapperScanner - Identified candidate component class: file [C:\Users\minwo\IdeaProjects\wicrm\out\production\classes\com\wio\crm\mapper\LmsTrackingMapper.class]
2026-02-15 21:43:43.558 [restartedMain] DEBUG o.m.s.mapper.ClassPathMapperScanner - Identified candidate component class: file [C:\Users\minwo\IdeaProjects\wicrm\out\production\classes\com\wio\crm\mapper\LoginHistoryMapper.class]
2026-02-15 21:43:43.558 [restartedMain] DEBUG o.m.s.mapper.ClassPathMapperScanner - Identified candidate component class: file [C:\Users\minwo\IdeaProjects\wicrm\out\production\classes\com\wio\crm\mapper\LogisticsDirectReturnMapper.class]
2026-02-15 21:43:43.558 [restartedMain] DEBUG o.m.s.mapper.ClassPathMapperScanner - Identified candidate component class: file [C:\Users\minwo\IdeaProjects\wicrm\out\production\classes\com\wio\crm\mapper\MenuMapper.class]
2026-02-15 21:43:43.558 [restartedMain] DEBUG o.m.s.mapper.ClassPathMapperScanner - Identified candidate component class: file [C:\Users\minwo\IdeaProjects\wicrm\out\production\classes\com\wio\crm\mapper\MileageMapper.class]
2026-02-15 21:43:43.558 [restartedMain] DEBUG o.m.s.mapper.ClassPathMapperScanner - Identified candidate component class: file [C:\Users\minwo\IdeaProjects\wicrm\out\production\classes\com\wio\crm\mapper\OrderMapper.class]
2026-02-15 21:43:43.558 [restartedMain] DEBUG o.m.s.mapper.ClassPathMapperScanner - Identified candidate component class: file [C:\Users\minwo\IdeaProjects\wicrm\out\production\classes\com\wio\crm\mapper\ReturnItemMapper.class]
2026-02-15 21:43:43.558 [restartedMain] DEBUG o.m.s.mapper.ClassPathMapperScanner - Identified candidate component class: file [C:\Users\minwo\IdeaProjects\wicrm\out\production\classes\com\wio\crm\mapper\ShippingPaymentMapper.class]
2026-02-15 21:43:43.558 [restartedMain] DEBUG o.m.s.mapper.ClassPathMapperScanner - Identified candidate component class: file [C:\Users\minwo\IdeaProjects\wicrm\out\production\classes\com\wio\crm\mapper\StaticsMapper.class]
2026-02-15 21:43:43.558 [restartedMain] DEBUG o.m.s.mapper.ClassPathMapperScanner - Identified candidate component class: file [C:\Users\minwo\IdeaProjects\wicrm\out\production\classes\com\wio\crm\mapper\Tcnt01EmpMapper.class]
2026-02-15 21:43:43.558 [restartedMain] DEBUG o.m.s.mapper.ClassPathMapperScanner - Identified candidate component class: file [C:\Users\minwo\IdeaProjects\wicrm\out\production\classes\com\wio\crm\mapper\Temp01Mapper.class]
2026-02-15 21:43:43.558 [restartedMain] DEBUG o.m.s.mapper.ClassPathMapperScanner - Identified candidate component class: file [C:\Users\minwo\IdeaProjects\wicrm\out\production\classes\com\wio\crm\mapper\TipdwMapper.class]
2026-02-15 21:43:43.558 [restartedMain] DEBUG o.m.s.mapper.ClassPathMapperScanner - Identified candidate component class: file [C:\Users\minwo\IdeaProjects\wicrm\out\production\classes\com\wio\crm\mapper\UserApprovalMapper.class]
2026-02-15 21:43:43.558 [restartedMain] DEBUG o.m.s.mapper.ClassPathMapperScanner - Identified candidate component class: file [C:\Users\minwo\IdeaProjects\wicrm\out\production\classes\com\wio\crm\mapper\UserMapper.class]
2026-02-15 21:43:43.560 [restartedMain] DEBUG o.m.s.mapper.ClassPathMapperScanner - Creating MapperFactoryBean with name 'accountMapper' and 'com.wio.crm.mapper.AccountMapper' mapperInterface
2026-02-15 21:43:43.563 [restartedMain] DEBUG o.m.s.mapper.ClassPathMapperScanner - Enabling autowire by type for MapperFactoryBean with name 'accountMapper'.
2026-02-15 21:43:43.563 [restartedMain] DEBUG o.m.s.mapper.ClassPathMapperScanner - Creating MapperFactoryBean with name 'adminCodeMapper' and 'com.wio.crm.mapper.AdminCodeMapper' mapperInterface
2026-02-15 21:43:43.563 [restartedMain] DEBUG o.m.s.mapper.ClassPathMapperScanner - Enabling autowire by type for MapperFactoryBean with name 'adminCodeMapper'.
2026-02-15 21:43:43.563 [restartedMain] DEBUG o.m.s.mapper.ClassPathMapperScanner - Creating MapperFactoryBean with name 'aiReportMapper' and 'com.wio.crm.mapper.AiReportMapper' mapperInterface
2026-02-15 21:43:43.564 [restartedMain] DEBUG o.m.s.mapper.ClassPathMapperScanner - Enabling autowire by type for MapperFactoryBean with name 'aiReportMapper'.
2026-02-15 21:43:43.564 [restartedMain] DEBUG o.m.s.mapper.ClassPathMapperScanner - Creating MapperFactoryBean with name 'bannerMapper' and 'com.wio.crm.mapper.BannerMapper' mapperInterface
2026-02-15 21:43:43.564 [restartedMain] DEBUG o.m.s.mapper.ClassPathMapperScanner - Enabling autowire by type for MapperFactoryBean with name 'bannerMapper'.
2026-02-15 21:43:43.565 [restartedMain] DEBUG o.m.s.mapper.ClassPathMapperScanner - Creating MapperFactoryBean with name 'boardMapper' and 'com.wio.crm.mapper.BoardMapper' mapperInterface
2026-02-15 21:43:43.565 [restartedMain] DEBUG o.m.s.mapper.ClassPathMapperScanner - Enabling autowire by type for MapperFactoryBean with name 'boardMapper'.
2026-02-15 21:43:43.565 [restartedMain] DEBUG o.m.s.mapper.ClassPathMapperScanner - Creating MapperFactoryBean with name 'consMapper' and 'com.wio.crm.mapper.ConsMapper' mapperInterface
2026-02-15 21:43:43.565 [restartedMain] DEBUG o.m.s.mapper.ClassPathMapperScanner - Enabling autowire by type for MapperFactoryBean with name 'consMapper'.
2026-02-15 21:43:43.566 [restartedMain] DEBUG o.m.s.mapper.ClassPathMapperScanner - Creating MapperFactoryBean with name 'consultingMapper' and 'com.wio.crm.mapper.ConsultingMapper' mapperInterface
2026-02-15 21:43:43.566 [restartedMain] DEBUG o.m.s.mapper.ClassPathMapperScanner - Enabling autowire by type for MapperFactoryBean with name 'consultingMapper'.
2026-02-15 21:43:43.566 [restartedMain] DEBUG o.m.s.mapper.ClassPathMapperScanner - Creating MapperFactoryBean with name 'dashboardMapper' and 'com.wio.crm.mapper.DashboardMapper' mapperInterface
2026-02-15 21:43:43.566 [restartedMain] DEBUG o.m.s.mapper.ClassPathMapperScanner - Enabling autowire by type for MapperFactoryBean with name 'dashboardMapper'.
2026-02-15 21:43:43.567 [restartedMain] DEBUG o.m.s.mapper.ClassPathMapperScanner - Creating MapperFactoryBean with name 'exchangeStatsMapper' and 'com.wio.crm.mapper.ExchangeStatsMapper' mapperInterface
2026-02-15 21:43:43.567 [restartedMain] DEBUG o.m.s.mapper.ClassPathMapperScanner - Enabling autowire by type for MapperFactoryBean with name 'exchangeStatsMapper'.
2026-02-15 21:43:43.567 [restartedMain] DEBUG o.m.s.mapper.ClassPathMapperScanner - Creating MapperFactoryBean with name 'invoiceMapper' and 'com.wio.crm.mapper.InvoiceMapper' mapperInterface
2026-02-15 21:43:43.568 [restartedMain] DEBUG o.m.s.mapper.ClassPathMapperScanner - Enabling autowire by type for MapperFactoryBean with name 'invoiceMapper'.
2026-02-15 21:43:43.568 [restartedMain] DEBUG o.m.s.mapper.ClassPathMapperScanner - Creating MapperFactoryBean with name 'lmsTrackingMapper' and 'com.wio.crm.mapper.LmsTrackingMapper' mapperInterface
2026-02-15 21:43:43.568 [restartedMain] DEBUG o.m.s.mapper.ClassPathMapperScanner - Enabling autowire by type for MapperFactoryBean with name 'lmsTrackingMapper'.
2026-02-15 21:43:43.568 [restartedMain] DEBUG o.m.s.mapper.ClassPathMapperScanner - Creating MapperFactoryBean with name 'loginHistoryMapper' and 'com.wio.crm.mapper.LoginHistoryMapper' mapperInterface
2026-02-15 21:43:43.568 [restartedMain] DEBUG o.m.s.mapper.ClassPathMapperScanner - Enabling autowire by type for MapperFactoryBean with name 'loginHistoryMapper'.
2026-02-15 21:43:43.568 [restartedMain] DEBUG o.m.s.mapper.ClassPathMapperScanner - Creating MapperFactoryBean with name 'logisticsDirectReturnMapper' and 'com.wio.crm.mapper.LogisticsDirectReturnMapper' mapperInterface
2026-02-15 21:43:43.569 [restartedMain] DEBUG o.m.s.mapper.ClassPathMapperScanner - Enabling autowire by type for MapperFactoryBean with name 'logisticsDirectReturnMapper'.
2026-02-15 21:43:43.569 [restartedMain] DEBUG o.m.s.mapper.ClassPathMapperScanner - Creating MapperFactoryBean with name 'menuMapper' and 'com.wio.crm.mapper.MenuMapper' mapperInterface
2026-02-15 21:43:43.569 [restartedMain] DEBUG o.m.s.mapper.ClassPathMapperScanner - Enabling autowire by type for MapperFactoryBean with name 'menuMapper'.
2026-02-15 21:43:43.569 [restartedMain] DEBUG o.m.s.mapper.ClassPathMapperScanner - Creating MapperFactoryBean with name 'mileageMapper' and 'com.wio.crm.mapper.MileageMapper' mapperInterface
2026-02-15 21:43:43.570 [restartedMain] DEBUG o.m.s.mapper.ClassPathMapperScanner - Enabling autowire by type for MapperFactoryBean with name 'mileageMapper'.
2026-02-15 21:43:43.570 [restartedMain] DEBUG o.m.s.mapper.ClassPathMapperScanner - Creating MapperFactoryBean with name 'orderMapper' and 'com.wio.crm.mapper.OrderMapper' mapperInterface
2026-02-15 21:43:43.570 [restartedMain] DEBUG o.m.s.mapper.ClassPathMapperScanner - Enabling autowire by type for MapperFactoryBean with name 'orderMapper'.
2026-02-15 21:43:43.570 [restartedMain] DEBUG o.m.s.mapper.ClassPathMapperScanner - Creating MapperFactoryBean with name 'returnItemMapper' and 'com.wio.crm.mapper.ReturnItemMapper' mapperInterface
2026-02-15 21:43:43.571 [restartedMain] DEBUG o.m.s.mapper.ClassPathMapperScanner - Enabling autowire by type for MapperFactoryBean with name 'returnItemMapper'.
2026-02-15 21:43:43.571 [restartedMain] DEBUG o.m.s.mapper.ClassPathMapperScanner - Creating MapperFactoryBean with name 'shippingPaymentMapper' and 'com.wio.crm.mapper.ShippingPaymentMapper' mapperInterface
2026-02-15 21:43:43.571 [restartedMain] DEBUG o.m.s.mapper.ClassPathMapperScanner - Enabling autowire by type for MapperFactoryBean with name 'shippingPaymentMapper'.
2026-02-15 21:43:43.571 [restartedMain] DEBUG o.m.s.mapper.ClassPathMapperScanner - Creating MapperFactoryBean with name 'staticsMapper' and 'com.wio.crm.mapper.StaticsMapper' mapperInterface
2026-02-15 21:43:43.572 [restartedMain] DEBUG o.m.s.mapper.ClassPathMapperScanner - Enabling autowire by type for MapperFactoryBean with name 'staticsMapper'.
2026-02-15 21:43:43.572 [restartedMain] DEBUG o.m.s.mapper.ClassPathMapperScanner - Creating MapperFactoryBean with name 'tcnt01EmpMapper' and 'com.wio.crm.mapper.Tcnt01EmpMapper' mapperInterface
2026-02-15 21:43:43.573 [restartedMain] DEBUG o.m.s.mapper.ClassPathMapperScanner - Enabling autowire by type for MapperFactoryBean with name 'tcnt01EmpMapper'.
2026-02-15 21:43:43.573 [restartedMain] DEBUG o.m.s.mapper.ClassPathMapperScanner - Creating MapperFactoryBean with name 'temp01Mapper' and 'com.wio.crm.mapper.Temp01Mapper' mapperInterface
2026-02-15 21:43:43.573 [restartedMain] DEBUG o.m.s.mapper.ClassPathMapperScanner - Enabling autowire by type for MapperFactoryBean with name 'temp01Mapper'.
2026-02-15 21:43:43.574 [restartedMain] DEBUG o.m.s.mapper.ClassPathMapperScanner - Creating MapperFactoryBean with name 'tipdwMapper' and 'com.wio.crm.mapper.TipdwMapper' mapperInterface
2026-02-15 21:43:43.574 [restartedMain] DEBUG o.m.s.mapper.ClassPathMapperScanner - Enabling autowire by type for MapperFactoryBean with name 'tipdwMapper'.
2026-02-15 21:43:43.574 [restartedMain] DEBUG o.m.s.mapper.ClassPathMapperScanner - Creating MapperFactoryBean with name 'userApprovalMapper' and 'com.wio.crm.mapper.UserApprovalMapper' mapperInterface
2026-02-15 21:43:43.575 [restartedMain] DEBUG o.m.s.mapper.ClassPathMapperScanner - Enabling autowire by type for MapperFactoryBean with name 'userApprovalMapper'.
2026-02-15 21:43:43.575 [restartedMain] DEBUG o.m.s.mapper.ClassPathMapperScanner - Creating MapperFactoryBean with name 'userMapper' and 'com.wio.crm.mapper.UserMapper' mapperInterface
2026-02-15 21:43:43.575 [restartedMain] DEBUG o.m.s.mapper.ClassPathMapperScanner - Enabling autowire by type for MapperFactoryBean with name 'userMapper'.
2026-02-15 21:43:44.190 [restartedMain] INFO  o.s.b.w.e.tomcat.TomcatWebServer - Tomcat initialized with port 8081 (http)
2026-02-15 21:43:44.198 [restartedMain] INFO  o.a.coyote.http11.Http11NioProtocol - Initializing ProtocolHandler ["http-nio-8081"]
2026-02-15 21:43:44.199 [restartedMain] INFO  o.a.catalina.core.StandardService - Starting service [Tomcat]
2026-02-15 21:43:44.200 [restartedMain] INFO  o.a.catalina.core.StandardEngine - Starting Servlet engine: [Apache Tomcat/10.1.17]
2026-02-15 21:43:44.267 [restartedMain] INFO  o.a.c.c.C.[Tomcat].[localhost].[/] - Initializing Spring embedded WebApplicationContext
2026-02-15 21:43:44.268 [restartedMain] INFO  o.s.b.w.s.c.ServletWebServerApplicationContext - Root WebApplicationContext: initialization completed in 2296 ms
2026-02-15 21:43:44.552 [restartedMain] DEBUG o.s.jdbc.datasource.DataSourceUtils - Fetching JDBC Connection from DataSource
2026-02-15 21:43:44.553 [restartedMain] INFO  com.zaxxer.hikari.HikariDataSource - HikariPool-1 - Starting...
2026-02-15 21:43:44.851 [restartedMain] INFO  com.zaxxer.hikari.pool.HikariPool - HikariPool-1 - Added connection oracle.jdbc.driver.T4CConnection@267ab5af
2026-02-15 21:43:44.853 [restartedMain] INFO  com.zaxxer.hikari.HikariDataSource - HikariPool-1 - Start completed.
2026-02-15 21:43:44.889 [restartedMain] INFO  o.h.jpa.internal.util.LogHelper - HHH000204: Processing PersistenceUnitInfo [name: default]
2026-02-15 21:43:44.964 [restartedMain] INFO  org.hibernate.Version - HHH000412: Hibernate ORM core version 6.4.1.Final
2026-02-15 21:43:45.001 [restartedMain] INFO  o.h.c.i.RegionFactoryInitiator - HHH000026: Second-level cache disabled
2026-02-15 21:43:45.260 [restartedMain] INFO  o.s.o.j.p.SpringPersistenceUnitInfo - No LoadTimeWeaver setup: ignoring JPA class transformer
2026-02-15 21:43:45.335 [restartedMain] WARN  org.hibernate.dialect.Dialect - HHH000511: The 11.2.0 version for [org.hibernate.dialect.OracleDialect] is no longer supported, hence certain features may not work properly. The minimum supported version is 19.0.0. Check the community dialects project for available legacy versions.
2026-02-15 21:43:46.164 [restartedMain] INFO  o.h.e.t.j.p.i.JtaPlatformInitiator - HHH000489: No JTA platform available (set 'hibernate.transaction.jta.platform' to enable JTA platform integration)
2026-02-15 21:43:46.167 [restartedMain] INFO  o.s.o.j.LocalContainerEntityManagerFactoryBean - Initialized JPA EntityManagerFactory for persistence unit 'default'
2026-02-15 21:43:46.228 [restartedMain] DEBUG o.apache.ibatis.logging.LogFactory - Logging initialized using 'class org.apache.ibatis.logging.slf4j.Slf4jImpl' adapter.
2026-02-15 21:43:46.304 [restartedMain] DEBUG o.m.spring.SqlSessionFactoryBean - Parsed mapper file: 'file [C:\Users\minwo\IdeaProjects\wicrm\out\production\resources\mapper\AccountMapper.xml]'
2026-02-15 21:43:46.316 [restartedMain] DEBUG o.m.spring.SqlSessionFactoryBean - Parsed mapper file: 'file [C:\Users\minwo\IdeaProjects\wicrm\out\production\resources\mapper\BoardMapper.xml]'
2026-02-15 21:43:46.326 [restartedMain] DEBUG o.m.spring.SqlSessionFactoryBean - Parsed mapper file: 'file [C:\Users\minwo\IdeaProjects\wicrm\out\production\resources\mapper\ConsMapper.xml]'
2026-02-15 21:43:46.335 [restartedMain] DEBUG o.m.spring.SqlSessionFactoryBean - Parsed mapper file: 'file [C:\Users\minwo\IdeaProjects\wicrm\out\production\resources\mapper\ConsultingMapper.xml]'
2026-02-15 21:43:46.346 [restartedMain] DEBUG o.m.spring.SqlSessionFactoryBean - Parsed mapper file: 'file [C:\Users\minwo\IdeaProjects\wicrm\out\production\resources\mapper\DashboardMapper.xml]'
2026-02-15 21:43:46.357 [restartedMain] DEBUG o.m.spring.SqlSessionFactoryBean - Parsed mapper file: 'file [C:\Users\minwo\IdeaProjects\wicrm\out\production\resources\mapper\ExchangeStatsMapper.xml]'
2026-02-15 21:43:46.361 [restartedMain] DEBUG o.m.spring.SqlSessionFactoryBean - Parsed mapper file: 'file [C:\Users\minwo\IdeaProjects\wicrm\out\production\resources\mapper\InvoiceMapper.xml]'
2026-02-15 21:43:46.373 [restartedMain] DEBUG o.m.spring.SqlSessionFactoryBean - Parsed mapper file: 'file [C:\Users\minwo\IdeaProjects\wicrm\out\production\resources\mapper\LmsTrackingMapper.xml]'
2026-02-15 21:43:46.382 [restartedMain] DEBUG o.m.spring.SqlSessionFactoryBean - Parsed mapper file: 'file [C:\Users\minwo\IdeaProjects\wicrm\out\production\resources\mapper\LogisticsDirectReturnMapper.xml]'
2026-02-15 21:43:46.385 [restartedMain] DEBUG o.m.spring.SqlSessionFactoryBean - Parsed mapper file: 'file [C:\Users\minwo\IdeaProjects\wicrm\out\production\resources\mapper\menuMapper.xml]'
2026-02-15 21:43:46.391 [restartedMain] DEBUG o.m.spring.SqlSessionFactoryBean - Parsed mapper file: 'file [C:\Users\minwo\IdeaProjects\wicrm\out\production\resources\mapper\MileageMapper.xml]'
2026-02-15 21:43:46.396 [restartedMain] DEBUG o.m.spring.SqlSessionFactoryBean - Parsed mapper file: 'file [C:\Users\minwo\IdeaProjects\wicrm\out\production\resources\mapper\OrderMapper.xml]'
2026-02-15 21:43:46.414 [restartedMain] DEBUG o.m.spring.SqlSessionFactoryBean - Parsed mapper file: 'file [C:\Users\minwo\IdeaProjects\wicrm\out\production\resources\mapper\ReturnItemMapper.xml]'
2026-02-15 21:43:46.420 [restartedMain] DEBUG o.m.spring.SqlSessionFactoryBean - Parsed mapper file: 'file [C:\Users\minwo\IdeaProjects\wicrm\out\production\resources\mapper\ShippingPaymentMapper.xml]'
2026-02-15 21:43:46.431 [restartedMain] DEBUG o.m.spring.SqlSessionFactoryBean - Parsed mapper file: 'file [C:\Users\minwo\IdeaProjects\wicrm\out\production\resources\mapper\StaticsMapper.xml]'
2026-02-15 21:43:46.435 [restartedMain] DEBUG o.m.spring.SqlSessionFactoryBean - Parsed mapper file: 'file [C:\Users\minwo\IdeaProjects\wicrm\out\production\resources\mapper\Tcnt01EmpMapper.xml]'
2026-02-15 21:43:46.441 [restartedMain] DEBUG o.m.spring.SqlSessionFactoryBean - Parsed mapper file: 'file [C:\Users\minwo\IdeaProjects\wicrm\out\production\resources\mapper\UserApprovalMapper.xml]'
2026-02-15 21:43:46.833 [restartedMain] INFO  o.s.d.j.r.query.QueryEnhancerFactory - Hibernate is in classpath; If applicable, HQL parser will be used.
2026-02-15 21:43:47.733 [restartedMain] INFO  o.s.b.a.e.web.EndpointLinksResolver - Exposing 1 endpoint(s) beneath base path '/actuator'
2026-02-15 21:43:47.816 [restartedMain] INFO  o.s.s.web.DefaultSecurityFilterChain - Will secure any request with [org.springframework.security.web.session.DisableEncodeUrlFilter@5cd6c445, org.springframework.security.web.context.request.async.WebAsyncManagerIntegrationFilter@99db02, org.springframework.security.web.context.SecurityContextHolderFilter@4b2b9e1, org.springframework.security.web.header.HeaderWriterFilter@1e6a0a97, org.springframework.web.filter.CorsFilter@6964a7d5, org.springframework.security.web.csrf.CsrfFilter@684d80af, com.wio.crm.config.SecurityConfig$CsrfCookieFilter@56bbbfb0, org.springframework.security.web.authentication.logout.LogoutFilter@7491179f, org.springframework.security.web.authentication.UsernamePasswordAuthenticationFilter@40b9ab82, org.springframework.security.web.savedrequest.RequestCacheAwareFilter@7505c458, org.springframework.security.web.servletapi.SecurityContextHolderAwareRequestFilter@55721046, org.springframework.security.web.authentication.AnonymousAuthenticationFilter@3ca5adce, org.springframework.security.web.access.ExceptionTranslationFilter@20448fbe, org.springframework.security.web.access.intercept.AuthorizationFilter@3a792f31]
2026-02-15 21:43:47.831 [restartedMain] WARN  o.s.s.c.a.web.builders.WebSecurity - You are asking Spring Security to ignore Mvc [pattern='/assets/**']. This is not recommended -- please use permitAll via HttpSecurity#authorizeHttpRequests instead.
2026-02-15 21:43:47.832 [restartedMain] INFO  o.s.s.web.DefaultSecurityFilterChain - Will not secure Mvc [pattern='/assets/**']
2026-02-15 21:43:49.161 [restartedMain] INFO  o.s.b.d.a.OptionalLiveReloadServer - LiveReload server is running on port 35729
2026-02-15 21:43:49.200 [restartedMain] INFO  o.a.coyote.http11.Http11NioProtocol - Starting ProtocolHandler ["http-nio-8081"]
2026-02-15 21:43:49.214 [restartedMain] INFO  o.s.b.w.e.tomcat.TomcatWebServer - Tomcat started on port 8081 (http) with context path ''
2026-02-15 21:43:49.226 [restartedMain] INFO  com.wio.crm.CrmApplication - Started CrmApplication in 7.871 seconds (process running for 8.544)
2026-02-15 21:43:49.616 [RMI TCP Connection(2)-169.254.83.107] INFO  o.a.c.c.C.[Tomcat].[localhost].[/] - Initializing Spring DispatcherServlet 'dispatcherServlet'
2026-02-15 21:43:49.616 [RMI TCP Connection(3)-169.254.83.107] DEBUG o.s.jdbc.datasource.DataSourceUtils - Fetching JDBC Connection from DataSource
2026-02-15 21:43:49.616 [RMI TCP Connection(2)-169.254.83.107] INFO  o.s.web.servlet.DispatcherServlet - Initializing Servlet 'dispatcherServlet'
2026-02-15 21:43:49.617 [RMI TCP Connection(2)-169.254.83.107] INFO  o.s.web.servlet.DispatcherServlet - Completed initialization in 1 ms
2026-02-15 21:43:49.623 [RMI TCP Connection(3)-169.254.83.107] DEBUG o.s.jdbc.datasource.DataSourceUtils - Fetching JDBC Connection from DataSource
